// Jest Snapshot v1, https://goo.gl/fbAQLP

exports[`AppComponent should create the app 1`] = `
<app-root
  Privileges={[Function Object]}
  authService={[Function AuthService]}
  mobileQuery={[Function Object]}
  mobileQueryListener={[Function Function]}
  router={[Function Router]}
  store={[Function MockStore]}
>
  <top-nav>
    <mat-toolbar
      class="top-layout z-depth-4 mat-toolbar"
      color="primary"
    >
      <h4>
        TRESTLE
      </h4>
      <span
        class="toolbar-spacer"
      />
      <user-icon>
        
        
      </user-icon>
    </mat-toolbar>
  </top-nav><mat-sidenav-container
    class="mat-drawer-container mat-sidenav-container"
  >
    
    
  </mat-sidenav-container>
</app-root>
`;
