// Jest Snapshot v1, https://goo.gl/fbAQLP

exports[`CodeMirrorComponent should create 1`] = `
CodeMirrorComponent {
  "_value": "function myScript(){return 100;}
",
  "host": ElementRef {
    "nativeElement": <textarea
      style="display: none;"
    />,
  },
  "instance": CodeMirror {
    "curOp": null,
    "display": Display {
      "activeTouch": null,
      "alignWidgets": false,
      "barHeight": 0,
      "barWidth": 0,
      "cachedCharWidth": null,
      "cachedPaddingH": null,
      "cachedTextHeight": null,
      "cursorDiv": <div
        class="CodeMirror-cursors"
      />,
      "dragFunctions": Object {
        "drop": [Function],
        "enter": [Function],
        "leave": [Function],
        "over": [Function],
        "start": [Function],
      },
      "externalMeasure": null,
      "externalMeasured": LineView {
        "built": Object {
          "addToken": [Function],
          "cm": [Circular],
          "col": 0,
          "content": <span
            role="presentation"
            style="padding-right: .1px;"
          >
            <span
              cm-text=""
              style="display: inline-block; width: 1px; margin-right: -1px;"
            >
               
            </span>
          </span>,
          "map": Array [
            0,
            0,
            <span
              cm-text=""
              style="display: inline-block; width: 1px; margin-right: -1px;"
            >
               
            </span>,
          ],
          "pos": 0,
          "pre": <pre
            class="CodeMirror-line"
            role="presentation"
          >
            <span
              role="presentation"
              style="padding-right: .1px;"
            >
              <span
                cm-text=""
                style="display: inline-block; width: 1px; margin-right: -1px;"
              >
                 
              </span>
            </span>
          </pre>,
          "splitSpaces": false,
          "textClass": " CodeMirror-line",
          "trailingSpace": false,
        },
        "hidden": undefined,
        "line": Line {
          "height": 1,
          "parent": Object {
            "height": 1,
            "lines": Array [
              [Circular],
            ],
            "parent": Doc {
              "cantEdit": false,
              "children": Array [
                [Circular],
              ],
              "cleanGeneration": 1,
              "cm": [Circular],
              "direction": "ltr",
              "extend": false,
              "first": 0,
              "height": 1,
              "highlightFrontier": 0,
              "history": History {
                "done": Array [
                  Selection {
                    "primIndex": 0,
                    "ranges": Array [
                      Range {
                        "anchor": Pos {
                          "ch": 0,
                          "line": 0,
                          "sticky": null,
                        },
                        "head": Pos {
                          "ch": 0,
                          "line": 0,
                          "sticky": null,
                        },
                      },
                    ],
                  },
                ],
                "generation": 1,
                "lastModTime": 0,
                "lastOp": null,
                "lastOrigin": null,
                "lastSelOp": NaN,
                "lastSelOrigin": undefined,
                "lastSelTime": 1586890461879,
                "maxGeneration": 1,
                "undoDepth": 200,
                "undone": Array [],
              },
              "id": 1,
              "lineSep": null,
              "mode": Object {
                "name": "null",
                "token": [Function],
              },
              "modeFrontier": 0,
              "modeOption": "sparql",
              "parent": null,
              "scrollLeft": 0,
              "scrollTop": 0,
              "sel": Selection {
                "primIndex": 0,
                "ranges": Array [
                  Range {
                    "anchor": Pos {
                      "ch": 0,
                      "line": 0,
                      "sticky": null,
                    },
                    "head": Pos {
                      "ch": 0,
                      "line": 0,
                      "sticky": null,
                    },
                  },
                ],
              },
              "size": 1,
            },
          },
          "stateAfter": true,
          "styles": Array [
            1,
          ],
          "text": "",
        },
        "lineN": 0,
        "measure": Object {
          "cache": Object {},
          "heights": Array [
            0,
          ],
          "map": Array [
            0,
            0,
            <span
              cm-text=""
              style="display: inline-block; width: 1px; margin-right: -1px;"
            >
               
            </span>,
          ],
        },
        "node": null,
        "rest": undefined,
        "size": 1,
        "text": <pre
          class="CodeMirror-line"
          role="presentation"
        >
          <span
            role="presentation"
            style="padding-right: .1px;"
          >
            <span
              cm-text=""
              style="display: inline-block; width: 1px; margin-right: -1px;"
            >
               
            </span>
          </span>
        </pre>,
      },
      "gutterFiller": <div
        class="CodeMirror-gutter-filler"
        cm-not-content="true"
      />,
      "gutterSpecs": Array [
        Object {
          "className": "CodeMirror-linenumbers",
          "style": null,
        },
      ],
      "gutters": <div
        class="CodeMirror-gutters"
      >
        <div
          class="CodeMirror-gutter CodeMirror-linenumbers"
          style="width: 1px;"
        />
      </div>,
      "heightForcer": <div
        style="position: absolute; height: 30px; width: 1px;"
      />,
      "input": TextareaInput {
        "cm": [Circular],
        "composing": null,
        "hasSelection": false,
        "polling": Delayed {
          "f": null,
          "handler": [Function],
          "id": null,
          "time": 0,
        },
        "pollingFast": false,
        "prevInput": "",
        "textarea": <textarea
          autocapitalize="off"
          autocorrect="off"
          spellcheck="false"
          style="position: absolute; bottom: -1em; padding: 0px; width: 1000px; height: 1em; outline: none;"
          tabindex="0"
        />,
        "wrapper": <div
          style="overflow: hidden; position: relative; width: 3px; height: 0px;"
        >
          <textarea
            autocapitalize="off"
            autocorrect="off"
            spellcheck="false"
            style="position: absolute; bottom: -1em; padding: 0px; width: 1000px; height: 1em; outline: none;"
            tabindex="0"
          />
        </div>,
      },
      "lastWrapHeight": 0,
      "lastWrapWidth": 0,
      "lineDiv": <div
        class="CodeMirror-code"
        role="presentation"
      />,
      "lineGutter": <div
        class="CodeMirror-gutter CodeMirror-linenumbers"
        style="width: 1px;"
      />,
      "lineMeasure": <div
        class="CodeMirror-measure"
      >
        <pre
          class="CodeMirror-line"
          role="presentation"
        >
          <span
            role="presentation"
            style="padding-right: .1px;"
          >
            <span
              cm-text=""
              style="display: inline-block; width: 1px; margin-right: -1px;"
            >
               
            </span>
          </span>
        </pre>
      </div>,
      "lineNumChars": 1,
      "lineNumInnerWidth": 1,
      "lineNumWidth": 1,
      "lineSpace": <div
        role="presentation"
        style="position: relative; outline: none;"
      >
        <div
          class="CodeMirror-measure"
        >
          <span>
            <span>
              ​
            </span>
            x
          </span>
        </div>
        <div
          class="CodeMirror-measure"
        >
          <pre
            class="CodeMirror-line"
            role="presentation"
          >
            <span
              role="presentation"
              style="padding-right: .1px;"
            >
              <span
                cm-text=""
                style="display: inline-block; width: 1px; margin-right: -1px;"
              >
                 
              </span>
            </span>
          </pre>
        </div>
        <div
          style="position: relative; z-index: 1;"
        />
        <div
          class="CodeMirror-cursors"
        />
        <div
          class="CodeMirror-code"
          role="presentation"
        />
      </div>,
      "maxLine": Line {
        "height": 1,
        "parent": Object {
          "height": 1,
          "lines": Array [
            [Circular],
          ],
          "parent": Doc {
            "cantEdit": false,
            "children": Array [
              [Circular],
            ],
            "cleanGeneration": 1,
            "cm": [Circular],
            "direction": "ltr",
            "extend": false,
            "first": 0,
            "height": 1,
            "highlightFrontier": 0,
            "history": History {
              "done": Array [
                Selection {
                  "primIndex": 0,
                  "ranges": Array [
                    Range {
                      "anchor": Pos {
                        "ch": 0,
                        "line": 0,
                        "sticky": null,
                      },
                      "head": Pos {
                        "ch": 0,
                        "line": 0,
                        "sticky": null,
                      },
                    },
                  ],
                },
              ],
              "generation": 1,
              "lastModTime": 0,
              "lastOp": null,
              "lastOrigin": null,
              "lastSelOp": NaN,
              "lastSelOrigin": undefined,
              "lastSelTime": 1586890461879,
              "maxGeneration": 1,
              "undoDepth": 200,
              "undone": Array [],
            },
            "id": 1,
            "lineSep": null,
            "mode": Object {
              "name": "null",
              "token": [Function],
            },
            "modeFrontier": 0,
            "modeOption": "sparql",
            "parent": null,
            "scrollLeft": 0,
            "scrollTop": 0,
            "sel": Selection {
              "primIndex": 0,
              "ranges": Array [
                Range {
                  "anchor": Pos {
                    "ch": 0,
                    "line": 0,
                    "sticky": null,
                  },
                  "head": Pos {
                    "ch": 0,
                    "line": 0,
                    "sticky": null,
                  },
                },
              ],
            },
            "size": 1,
          },
        },
        "stateAfter": true,
        "styles": Array [
          1,
        ],
        "text": "",
      },
      "maxLineChanged": false,
      "maxLineLength": 0,
      "measure": <div
        class="CodeMirror-measure"
      >
        <span>
          <span>
            ​
          </span>
          x
        </span>
      </div>,
      "mover": <div
        style="position: relative;"
      >
        <div
          class="CodeMirror-lines"
          role="presentation"
        >
          <div
            role="presentation"
            style="position: relative; outline: none;"
          >
            <div
              class="CodeMirror-measure"
            >
              <span>
                <span>
                  ​
                </span>
                x
              </span>
            </div>
            <div
              class="CodeMirror-measure"
            >
              <pre
                class="CodeMirror-line"
                role="presentation"
              >
                <span
                  role="presentation"
                  style="padding-right: .1px;"
                >
                  <span
                    cm-text=""
                    style="display: inline-block; width: 1px; margin-right: -1px;"
                  >
                     
                  </span>
                </span>
              </pre>
            </div>
            <div
              style="position: relative; z-index: 1;"
            />
            <div
              class="CodeMirror-cursors"
            />
            <div
              class="CodeMirror-code"
              role="presentation"
            />
          </div>
        </div>
      </div>,
      "nativeBarWidth": 0,
      "renderedView": null,
      "reportedViewFrom": 0,
      "reportedViewTo": 0,
      "scrollbarFiller": <div
        class="CodeMirror-scrollbar-filler"
        cm-not-content="true"
      />,
      "scrollbars": NativeScrollbars {
        "checkedZeroWidth": false,
        "cm": [Circular],
        "horiz": <div
          class="CodeMirror-hscrollbar"
          cm-not-content="true"
          tabindex="-1"
        >
          <div
            style="height: 100%; min-height: 1px;"
          />
        </div>,
        "vert": <div
          class="CodeMirror-vscrollbar"
          cm-not-content="true"
          tabindex="-1"
        >
          <div
            style="min-width: 1px;"
          />
        </div>,
      },
      "scrollbarsClipped": false,
      "scroller": <div
        class="CodeMirror-scroll"
        tabindex="-1"
      >
        <div
          class="CodeMirror-sizer"
          style="margin-left: 0px; min-width: 3px;"
        >
          <div
            style="position: relative;"
          >
            <div
              class="CodeMirror-lines"
              role="presentation"
            >
              <div
                role="presentation"
                style="position: relative; outline: none;"
              >
                <div
                  class="CodeMirror-measure"
                >
                  <span>
                    <span>
                      ​
                    </span>
                    x
                  </span>
                </div>
                <div
                  class="CodeMirror-measure"
                >
                  <pre
                    class="CodeMirror-line"
                    role="presentation"
                  >
                    <span
                      role="presentation"
                      style="padding-right: .1px;"
                    >
                      <span
                        cm-text=""
                        style="display: inline-block; width: 1px; margin-right: -1px;"
                      >
                         
                      </span>
                    </span>
                  </pre>
                </div>
                <div
                  style="position: relative; z-index: 1;"
                />
                <div
                  class="CodeMirror-cursors"
                />
                <div
                  class="CodeMirror-code"
                  role="presentation"
                />
              </div>
            </div>
          </div>
        </div>
        <div
          style="position: absolute; height: 30px; width: 1px;"
        />
        <div
          class="CodeMirror-gutters"
        >
          <div
            class="CodeMirror-gutter CodeMirror-linenumbers"
            style="width: 1px;"
          />
        </div>
      </div>,
      "selForContextMenu": null,
      "selectionDiv": <div
        style="position: relative; z-index: 1;"
      />,
      "shift": false,
      "sizer": <div
        class="CodeMirror-sizer"
        style="margin-left: 0px; min-width: 3px;"
      >
        <div
          style="position: relative;"
        >
          <div
            class="CodeMirror-lines"
            role="presentation"
          >
            <div
              role="presentation"
              style="position: relative; outline: none;"
            >
              <div
                class="CodeMirror-measure"
              >
                <span>
                  <span>
                    ​
                  </span>
                  x
                </span>
              </div>
              <div
                class="CodeMirror-measure"
              >
                <pre
                  class="CodeMirror-line"
                  role="presentation"
                >
                  <span
                    role="presentation"
                    style="padding-right: .1px;"
                  >
                    <span
                      cm-text=""
                      style="display: inline-block; width: 1px; margin-right: -1px;"
                    >
                       
                    </span>
                  </span>
                </pre>
              </div>
              <div
                style="position: relative; z-index: 1;"
              />
              <div
                class="CodeMirror-cursors"
              />
              <div
                class="CodeMirror-code"
                role="presentation"
              />
            </div>
          </div>
        </div>
      </div>,
      "sizerWidth": 3,
      "updateLineNumbers": null,
      "view": Array [],
      "viewFrom": 0,
      "viewOffset": 0,
      "viewTo": 0,
      "wheelDX": null,
      "wheelDY": null,
      "wheelStartX": null,
      "wheelStartY": null,
      "wrapper": <div
        class="CodeMirror cm-s-material"
      >
        <div
          style="overflow: hidden; position: relative; width: 3px; height: 0px;"
        >
          <textarea
            autocapitalize="off"
            autocorrect="off"
            spellcheck="false"
            style="position: absolute; bottom: -1em; padding: 0px; width: 1000px; height: 1em; outline: none;"
            tabindex="0"
          />
        </div>
        <div
          class="CodeMirror-vscrollbar"
          cm-not-content="true"
          tabindex="-1"
        >
          <div
            style="min-width: 1px;"
          />
        </div>
        <div
          class="CodeMirror-hscrollbar"
          cm-not-content="true"
          tabindex="-1"
        >
          <div
            style="height: 100%; min-height: 1px;"
          />
        </div>
        <div
          class="CodeMirror-scrollbar-filler"
          cm-not-content="true"
        />
        <div
          class="CodeMirror-gutter-filler"
          cm-not-content="true"
        />
        <div
          class="CodeMirror-scroll"
          tabindex="-1"
        >
          <div
            class="CodeMirror-sizer"
            style="margin-left: 0px; min-width: 3px;"
          >
            <div
              style="position: relative;"
            >
              <div
                class="CodeMirror-lines"
                role="presentation"
              >
                <div
                  role="presentation"
                  style="position: relative; outline: none;"
                >
                  <div
                    class="CodeMirror-measure"
                  >
                    <span>
                      <span>
                        ​
                      </span>
                      x
                    </span>
                  </div>
                  <div
                    class="CodeMirror-measure"
                  >
                    <pre
                      class="CodeMirror-line"
                      role="presentation"
                    >
                      <span
                        role="presentation"
                        style="padding-right: .1px;"
                      >
                        <span
                          cm-text=""
                          style="display: inline-block; width: 1px; margin-right: -1px;"
                        >
                           
                        </span>
                      </span>
                    </pre>
                  </div>
                  <div
                    style="position: relative; z-index: 1;"
                  />
                  <div
                    class="CodeMirror-cursors"
                  />
                  <div
                    class="CodeMirror-code"
                    role="presentation"
                  />
                </div>
              </div>
            </div>
          </div>
          <div
            style="position: absolute; height: 30px; width: 1px;"
          />
          <div
            class="CodeMirror-gutters"
          >
            <div
              class="CodeMirror-gutter CodeMirror-linenumbers"
              style="width: 1px;"
            />
          </div>
        </div>
      </div>,
    },
    "doc": Doc {
      "cantEdit": false,
      "children": Array [
        Object {
          "height": 1,
          "lines": Array [
            Line {
              "height": 1,
              "parent": [Circular],
              "stateAfter": true,
              "styles": Array [
                1,
              ],
              "text": "",
            },
          ],
          "parent": [Circular],
        },
      ],
      "cleanGeneration": 1,
      "cm": [Circular],
      "direction": "ltr",
      "extend": false,
      "first": 0,
      "height": 1,
      "highlightFrontier": 0,
      "history": History {
        "done": Array [
          Selection {
            "primIndex": 0,
            "ranges": Array [
              Range {
                "anchor": Pos {
                  "ch": 0,
                  "line": 0,
                  "sticky": null,
                },
                "head": Pos {
                  "ch": 0,
                  "line": 0,
                  "sticky": null,
                },
              },
            ],
          },
        ],
        "generation": 1,
        "lastModTime": 0,
        "lastOp": null,
        "lastOrigin": null,
        "lastSelOp": NaN,
        "lastSelOrigin": undefined,
        "lastSelTime": 1586890461879,
        "maxGeneration": 1,
        "undoDepth": 200,
        "undone": Array [],
      },
      "id": 1,
      "lineSep": null,
      "mode": Object {
        "name": "null",
        "token": [Function],
      },
      "modeFrontier": 0,
      "modeOption": "sparql",
      "parent": null,
      "scrollLeft": 0,
      "scrollTop": 0,
      "sel": Selection {
        "primIndex": 0,
        "ranges": Array [
          Range {
            "anchor": Pos {
              "ch": 0,
              "line": 0,
              "sticky": null,
            },
            "head": Pos {
              "ch": 0,
              "line": 0,
              "sticky": null,
            },
          },
        ],
      },
      "size": 1,
    },
    "getTextArea": [Function],
    "options": Object {
      "addModeClass": false,
      "allowDropFileTypes": null,
      "autocapitalize": false,
      "autocorrect": false,
      "autofocus": false,
      "configureMouse": null,
      "coverGutterNextToScrollbar": false,
      "cursorBlinkRate": 530,
      "cursorHeight": 1,
      "cursorScrollMargin": 0,
      "direction": "ltr",
      "disableInput": false,
      "dragDrop": true,
      "electricChars": true,
      "extraKeys": null,
      "finishInit": [Function],
      "firstLineNumber": 1,
      "fixedGutter": true,
      "flattenSpans": true,
      "gutters": Array [],
      "historyEventDelay": 1250,
      "indentUnit": 2,
      "indentWithTabs": false,
      "inputStyle": "textarea",
      "keyMap": "default",
      "lineNumberFormatter": [Function],
      "lineNumbers": true,
      "lineSeparator": null,
      "lineWiseCopyCut": true,
      "lineWrapping": false,
      "maxHighlightLength": 10000,
      "mode": "sparql",
      "moveInputWithCursor": true,
      "pasteLinesPerSelection": true,
      "phrases": null,
      "pollInterval": 100,
      "readOnly": false,
      "resetSelectionOnContextMenu": true,
      "rtlMoveVisually": true,
      "scrollbarStyle": "native",
      "selectionsMayTouch": false,
      "showCursorWhenSelecting": false,
      "singleCursorHeightPerLine": true,
      "smartIndent": true,
      "specialCharPlaceholder": [Function],
      "specialChars": /\\[\\\\u0000-\\\\u001f\\\\u007f-\\\\u009f\\\\u00ad\\\\u061c\\\\u200b-\\\\u200f\\\\u2028\\\\u2029\\\\ufeff\\\\ufff9-\\\\ufffc\\]/g,
      "spellcheck": false,
      "tabSize": 4,
      "tabindex": null,
      "theme": "material",
      "undoDepth": 200,
      "value": "",
      "viewportMargin": 10,
      "wholeLineUpdateBefore": true,
      "workDelay": 100,
      "workTime": 100,
    },
    "save": [Function],
    "state": Object {
      "cutIncoming": -1,
      "delayingBlurEvent": false,
      "draggingText": false,
      "focused": false,
      "highlight": Delayed {
        "f": null,
        "handler": [Function],
        "id": null,
        "time": 0,
      },
      "keyMaps": Array [],
      "keySeq": null,
      "modeGen": 1,
      "overlays": Array [],
      "overwrite": false,
      "pasteIncoming": -1,
      "selectingText": false,
      "specialChars": /\\[\\\\u0000-\\\\u001f\\\\u007f-\\\\u009f\\\\u00ad\\\\u061c\\\\u200b-\\\\u200f\\\\u2028\\\\u2029\\\\ufeff\\\\ufff9-\\\\ufffc\\]/g,
      "suppressEdits": false,
    },
    "toTextArea": [Function],
  },
  "query": EventEmitter {
    "__isAsync": false,
    "_isScalar": false,
    "closed": false,
    "hasError": false,
    "isStopped": false,
    "observers": Array [],
    "thrownError": null,
  },
}
`;
